{"@timestamp":"2026-02-18T10:51:04.6389226+03:00","thread_name":"main","message":"Starting ItemControllerTest using Java 21.0.6 with PID 32640 (started by pugac in D:\\Julia\\INNOWICE\\rootproject\\orderservice)"}
{"@timestamp":"2026-02-18T10:51:04.6665162+03:00","thread_name":"main","message":"The following 1 profile is active: \"test\""}
{"@timestamp":"2026-02-18T10:51:07.7845403+03:00","thread_name":"main","message":"Started ItemControllerTest in 4.074 seconds (process running for 6.078)"}
{"@timestamp":"2026-02-18T10:51:07.8286874+03:00","thread_name":"main","message":"▶ Running test: deleteItem_ShouldReturnNotFound, ITEM_ID=1"}
{"@timestamp":"2026-02-18T10:51:07.9781005+03:00","thread_name":"main","message":"Request to delete the Item by id: 1"}
{"@timestamp":"2026-02-18T10:51:08.0397387+03:00","thread_name":"main","message":"▶ Running test: getItemsIdIn_ShouldReturnItemsForGivenIds, ids=[1]"}
{"@timestamp":"2026-02-18T10:51:08.0532724+03:00","thread_name":"main","message":"Request to find Items by IDs: [1]"}
{"@timestamp":"2026-02-18T10:51:08.1857589+03:00","thread_name":"main","message":"▶ Running test: updateItem_ShouldReturnNotFound, UPDATED_ITEM=ItemDto(id=1, name=UpdatedName, price=101)"}
{"@timestamp":"2026-02-18T10:51:08.2663271+03:00","thread_name":"main","message":"Request to update the Item: ItemDto(id=1, name=UpdatedName, price=101)"}
{"@timestamp":"2026-02-18T10:51:08.2813862+03:00","thread_name":"main","message":"▶ Running test: getItemsIdIn_ShouldReturnEmptyListWhenNoMatches, ids=[999]"}
{"@timestamp":"2026-02-18T10:51:08.2823821+03:00","thread_name":"main","message":"Request to find Items by IDs: [999]"}
{"@timestamp":"2026-02-18T10:51:08.296913+03:00","thread_name":"main","message":"▶ Running test: getAllItems_ShouldReturnAllItems"}
{"@timestamp":"2026-02-18T10:51:08.2984295+03:00","thread_name":"main","message":"Request to find all Items"}
{"@timestamp":"2026-02-18T10:51:08.3074439+03:00","thread_name":"main","message":"▶ Running test: getItemById_ShouldReturnNotFound(), _ITEM_ID=1"}
{"@timestamp":"2026-02-18T10:51:08.3099677+03:00","thread_name":"main","message":"Request to find the Item by id: 1"}
{"@timestamp":"2026-02-18T10:51:08.316976+03:00","thread_name":"main","message":"▶ Running test: createItem_ShouldReturnCreatedItemDto, Item=ItemDto(id=1, name=TestItem, price=100)"}
{"@timestamp":"2026-02-18T10:51:08.3214939+03:00","thread_name":"main","message":"Request to create a new Item: ItemDto(id=1, name=TestItem, price=100)"}
{"@timestamp":"2026-02-18T10:51:08.3330193+03:00","thread_name":"main","message":"▶ Running test: getItemById_ShouldReturnItemDto(), ITEM_ID=1"}
{"@timestamp":"2026-02-18T10:51:08.3350166+03:00","thread_name":"main","message":"Request to find the Item by id: 1"}
{"@timestamp":"2026-02-18T10:51:08.3435653+03:00","thread_name":"main","message":"▶ Running test: updateItem_ShouldReturnUpdatedItemDto, UPDATED_ITEM=ItemDto(id=1, name=UpdatedName, price=101)"}
{"@timestamp":"2026-02-18T10:51:08.3465801+03:00","thread_name":"main","message":"Request to update the Item: ItemDto(id=1, name=UpdatedName, price=101)"}
{"@timestamp":"2026-02-18T10:51:08.3656229+03:00","thread_name":"main","message":"▶ Running test: deleteItem_ShouldReturnDeletedItemDto, _ITEM_ID=1"}
{"@timestamp":"2026-02-18T10:51:08.3671294+03:00","thread_name":"main","message":"Request to delete the Item by id: 1"}
{"@timestamp":"2026-02-18T10:51:08.3766758+03:00","thread_name":"main","message":"▶ Running test: getAllItemsWithPagination_ShouldReturnPaginatedItems, page=0, size=10"}
{"@timestamp":"2026-02-18T10:51:08.3816698+03:00","thread_name":"main","message":"Request to find all Items with pagination"}
{"@timestamp":"2026-02-18T10:51:32.6508784+03:00","thread_name":"main","message":"Starting OrderControllerTest using Java 21.0.6 with PID 6032 (started by pugac in D:\\Julia\\INNOWICE\\rootproject\\orderservice)"}
{"@timestamp":"2026-02-18T10:51:32.6642149+03:00","thread_name":"main","message":"The following 1 profile is active: \"test\""}
{"@timestamp":"2026-02-18T10:51:35.4979901+03:00","thread_name":"main","message":"Started OrderControllerTest in 3.681 seconds (process running for 5.373)"}
{"@timestamp":"2026-02-18T10:51:35.5380442+03:00","thread_name":"main","message":"▶ Running test: updateOrder_ShouldReturnUpdatedOrderWithUserResponse, UPDATED_ORDER=OrderDto(id=27c90831-5648-4305-bec7-0c3e9281f4c1, userId=10, status=CANCELLED, creationDate=2026-02-18T10:51:35, orderItems=[OrderItemDto(id=100, orderId=27c90831-5648-4305-bec7-0c3e9281f4c1, itemId=2, quantity=3)])"}
{"@timestamp":"2026-02-18T10:51:35.8033185+03:00","thread_name":"main","message":"Request to update the Order: OrderDto(id=27c90831-5648-4305-bec7-0c3e9281f4c1, userId=10, status=null, creationDate=null, orderItems=[OrderItemDto(id=100, orderId=27c90831-5648-4305-bec7-0c3e9281f4c1, itemId=2, quantity=3)])"}
{"@timestamp":"2026-02-18T10:51:35.8899344+03:00","thread_name":"main","message":"▶ Running test: getOrderById_ShouldReturnOrderWithUserResponse, ORDER_ID=27c90831-5648-4305-bec7-0c3e9281f4c1"}
{"@timestamp":"2026-02-18T10:51:35.8925356+03:00","thread_name":"main","message":"Request to find the Order by id: 27c90831-5648-4305-bec7-0c3e9281f4c1"}
{"@timestamp":"2026-02-18T10:51:35.9006166+03:00","thread_name":"main","message":"▶ Running test: getAllOrders_ShouldReturnAllOrders"}
{"@timestamp":"2026-02-18T10:51:35.9026314+03:00","thread_name":"main","message":"Request to find all Orders"}
{"@timestamp":"2026-02-18T10:51:35.914751+03:00","thread_name":"main","message":"▶ Running test: updateOrder_ShouldReturnNotFound, UPDATED_ORDER=OrderDto(id=27c90831-5648-4305-bec7-0c3e9281f4c1, userId=10, status=CANCELLED, creationDate=2026-02-18T10:51:35, orderItems=[OrderItemDto(id=100, orderId=27c90831-5648-4305-bec7-0c3e9281f4c1, itemId=2, quantity=3)])"}
{"@timestamp":"2026-02-18T10:51:35.9202594+03:00","thread_name":"main","message":"Request to update the Order: OrderDto(id=27c90831-5648-4305-bec7-0c3e9281f4c1, userId=10, status=null, creationDate=null, orderItems=[OrderItemDto(id=100, orderId=27c90831-5648-4305-bec7-0c3e9281f4c1, itemId=2, quantity=3)])"}
{"@timestamp":"2026-02-18T10:51:35.9333934+03:00","thread_name":"main","message":"▶ Running test: getAllOrdersWithPagination_ShouldReturnPaginatedOrders, page=0, size=10"}
{"@timestamp":"2026-02-18T10:51:35.9395112+03:00","thread_name":"main","message":"Request to find all Orders with pagination"}
{"@timestamp":"2026-02-18T10:51:35.9602657+03:00","thread_name":"main","message":"▶ Running test: getByStatusIn_ShouldReturnOrdersWithGivenStatuses, statuses=[CREATED]"}
{"@timestamp":"2026-02-18T10:51:35.9642665+03:00","thread_name":"main","message":"Request to find Orders by statuses: [CREATED]"}
{"@timestamp":"2026-02-18T10:51:35.9734132+03:00","thread_name":"main","message":"▶ Running test: getOrdersByUserEmail_ShouldReturnEmptyList, email=nonexistent@example.com"}
{"@timestamp":"2026-02-18T10:51:35.9799132+03:00","thread_name":"main","message":"Request to find all Orders of the User with email: nonexistent@example.com"}
{"@timestamp":"2026-02-18T10:51:35.9920359+03:00","thread_name":"main","message":"▶ Running test: deleteOrder_ShouldReturnDeletedOrderDto, ORDER_ID=27c90831-5648-4305-bec7-0c3e9281f4c1"}
{"@timestamp":"2026-02-18T10:51:35.9950335+03:00","thread_name":"main","message":"Request to delete the Order by id: 27c90831-5648-4305-bec7-0c3e9281f4c1"}
{"@timestamp":"2026-02-18T10:51:36.006214+03:00","thread_name":"main","message":"▶ Running test: createOrder_ShouldReturnCreatedOrderWithUserResponse, ORDER=OrderDto(id=27c90831-5648-4305-bec7-0c3e9281f4c1, userId=1, status=CREATED, creationDate=2026-02-18T10:51:36, orderItems=[OrderItemDto(id=1, orderId=27c90831-5648-4305-bec7-0c3e9281f4c1, itemId=2, quantity=5)])"}
{"@timestamp":"2026-02-18T10:51:36.0092188+03:00","thread_name":"main","message":"Request to create a new Order: OrderDto(id=27c90831-5648-4305-bec7-0c3e9281f4c1, userId=1, status=null, creationDate=null, orderItems=[OrderItemDto(id=1, orderId=27c90831-5648-4305-bec7-0c3e9281f4c1, itemId=2, quantity=5)])"}
{"@timestamp":"2026-02-18T10:51:36.0193448+03:00","thread_name":"main","message":"▶ Running test: getOrdersByUserEmail_ShouldReturnListOfOrders, email=test@example.com"}
{"@timestamp":"2026-02-18T10:51:36.0218682+03:00","thread_name":"main","message":"Request to find all Orders of the User with email: test@example.com"}
{"@timestamp":"2026-02-18T10:51:36.029472+03:00","thread_name":"main","message":"▶ Running test: deleteOrder_ShouldReturnNotFound, ORDER_ID=27c90831-5648-4305-bec7-0c3e9281f4c1"}
{"@timestamp":"2026-02-18T10:51:36.0310042+03:00","thread_name":"main","message":"Request to delete the Order by id: 27c90831-5648-4305-bec7-0c3e9281f4c1"}
{"@timestamp":"2026-02-18T10:51:36.0390227+03:00","thread_name":"main","message":"▶ Running test: getOrderById_ShouldReturnNotFound, ORDER_ID=27c90831-5648-4305-bec7-0c3e9281f4c1"}
{"@timestamp":"2026-02-18T10:51:36.0400143+03:00","thread_name":"main","message":"Request to find the Order by id: 27c90831-5648-4305-bec7-0c3e9281f4c1"}
{"@timestamp":"2026-02-18T10:51:36.0491907+03:00","thread_name":"main","message":"▶ Running test: getOrdersIdIn_ShouldReturnEmptyListWhenNoMatches, ids=[27c90831-5648-4305-bec7-0c3e9281f4c1]"}
{"@timestamp":"2026-02-18T10:51:36.0516855+03:00","thread_name":"main","message":"Request to find Orders by IDs: [27c90831-5648-4305-bec7-0c3e9281f4c1]"}
{"@timestamp":"2026-02-18T10:51:36.0602435+03:00","thread_name":"main","message":"▶ Running test: getOrdersIdIn_ShouldReturnOrdersForGivenIds, ids=[27c90831-5648-4305-bec7-0c3e9281f4c1]"}
{"@timestamp":"2026-02-18T10:51:36.0618655+03:00","thread_name":"main","message":"Request to find Orders by IDs: [27c90831-5648-4305-bec7-0c3e9281f4c1]"}
{"@timestamp":"2026-02-18T10:51:45.0073206+03:00","thread_name":"main","message":"Starting OrderItemControllerTest using Java 21.0.6 with PID 32116 (started by pugac in D:\\Julia\\INNOWICE\\rootproject\\orderservice)"}
{"@timestamp":"2026-02-18T10:51:45.0190714+03:00","thread_name":"main","message":"The following 1 profile is active: \"test\""}
{"@timestamp":"2026-02-18T10:51:48.0495602+03:00","thread_name":"main","message":"Started OrderItemControllerTest in 3.959 seconds (process running for 5.856)"}
{"@timestamp":"2026-02-18T10:51:48.1003928+03:00","thread_name":"main","message":"▶ Running test: getAllOrderItemsWithPagination_ShouldReturnPaginatedOrderItems, page=0, size=10"}
{"@timestamp":"2026-02-18T10:51:48.2515517+03:00","thread_name":"main","message":"Request to find all OrderItems with pagination"}
{"@timestamp":"2026-02-18T10:51:48.4066961+03:00","thread_name":"main","message":"▶ Running test: getOrderItemsIdIn_ShouldReturnEmptyListWhenNoMatches, ids=[999]"}
{"@timestamp":"2026-02-18T10:51:48.4177867+03:00","thread_name":"main","message":"Request to find OrderItems by IDs: [999]"}
{"@timestamp":"2026-02-18T10:51:48.4318773+03:00","thread_name":"main","message":"▶ Running test: getOrderItemById_ShouldReturnOrderItemDto(), ORDER_ITEM_ID=1"}
{"@timestamp":"2026-02-18T10:51:48.434871+03:00","thread_name":"main","message":"Request to find the OrderItem by id: 1"}
{"@timestamp":"2026-02-18T10:51:48.4441848+03:00","thread_name":"main","message":"▶ Running test: updateOrderItem_ShouldReturnUpdatedOrderItemDto, UPDATED_ORDER_ITEM=OrderItemDto(id=1, orderId=8750cf25-8bd4-4050-9cf1-ac27659858bb, itemId=1, quantity=11)"}
{"@timestamp":"2026-02-18T10:51:48.5052338+03:00","thread_name":"main","message":"Request to update the OrderItem: OrderItemDto(id=1, orderId=8750cf25-8bd4-4050-9cf1-ac27659858bb, itemId=1, quantity=11)"}
{"@timestamp":"2026-02-18T10:51:48.514279+03:00","thread_name":"main","message":"▶ Running test: deleteOrderItem_ShouldReturnDeletedOrderItemDto, ORDER_ITEM_ID=1"}
{"@timestamp":"2026-02-18T10:51:48.5177999+03:00","thread_name":"main","message":"Request to delete the OrderItem by id: 1"}
{"@timestamp":"2026-02-18T10:51:48.5258398+03:00","thread_name":"main","message":"▶ Running test: updateOrderItem_ShouldReturnNotFound, UPDATED_ORDER_ITEM=OrderItemDto(id=1, orderId=8750cf25-8bd4-4050-9cf1-ac27659858bb, itemId=1, quantity=11)"}
{"@timestamp":"2026-02-18T10:51:48.5303681+03:00","thread_name":"main","message":"Request to update the OrderItem: OrderItemDto(id=1, orderId=8750cf25-8bd4-4050-9cf1-ac27659858bb, itemId=1, quantity=11)"}
{"@timestamp":"2026-02-18T10:51:48.5438846+03:00","thread_name":"main","message":"▶ Running test: getOrderItemsIdIn_ShouldReturnOrderItemsForGivenIds, ids=[1]"}
{"@timestamp":"2026-02-18T10:51:48.5458898+03:00","thread_name":"main","message":"Request to find OrderItems by IDs: [1]"}
{"@timestamp":"2026-02-18T10:51:48.5544168+03:00","thread_name":"main","message":"▶ Running test: getOrderItemById_ShouldReturnNotFound(), ORDER_ITEM_ID=1"}
{"@timestamp":"2026-02-18T10:51:48.5564256+03:00","thread_name":"main","message":"Request to find the OrderItem by id: 1"}
{"@timestamp":"2026-02-18T10:51:48.5649552+03:00","thread_name":"main","message":"▶ Running test: getAllOrderItems_ShouldReturnAllOrderItems"}
{"@timestamp":"2026-02-18T10:51:48.5669491+03:00","thread_name":"main","message":"Request to find all OrderItems"}
{"@timestamp":"2026-02-18T10:51:48.574799+03:00","thread_name":"main","message":"▶ Running test: createOrderItem_ShouldReturnCreatedOrderItemDto, OrderItem=OrderItemDto(id=1, orderId=8750cf25-8bd4-4050-9cf1-ac27659858bb, itemId=1, quantity=10)"}
{"@timestamp":"2026-02-18T10:51:48.5798024+03:00","thread_name":"main","message":"Request to create a new OrderItem: OrderItemDto(id=1, orderId=8750cf25-8bd4-4050-9cf1-ac27659858bb, itemId=1, quantity=10)"}
{"@timestamp":"2026-02-18T10:51:48.5879757+03:00","thread_name":"main","message":"▶ Running test: deleteOrderItem_ShouldReturnNotFound, ORDER_ITEM_ID=1"}
{"@timestamp":"2026-02-18T10:51:48.589975+03:00","thread_name":"main","message":"Request to delete the OrderItem by id: 1"}
{"@timestamp":"2026-02-18T10:52:30.5812689+03:00","thread_name":"main","message":"PostgreSQL URL: jdbc:postgresql://localhost:51513/testdb?loggerLevel=OFF"}
{"@timestamp":"2026-02-18T10:52:30.6127158+03:00","thread_name":"main","message":"Starting ItemRepositoryTest using Java 21.0.6 with PID 14872 (started by pugac in D:\\Julia\\INNOWICE\\rootproject\\orderservice)"}
{"@timestamp":"2026-02-18T10:52:30.6137211+03:00","thread_name":"main","message":"The following 1 profile is active: \"test\""}
{"@timestamp":"2026-02-18T10:52:34.6462039+03:00","thread_name":"main","message":"Started ItemRepositoryTest in 4.816 seconds (process running for 12.07)"}
{"@timestamp":"2026-02-18T10:52:35.3361094+03:00","thread_name":"main","message":"Test findAllItemsNative - should return paged results"}
{"@timestamp":"2026-02-18T10:52:35.5120293+03:00","thread_name":"main","message":"Test findAllItemsByIdIn - should return Items with specified IDs"}
{"@timestamp":"2026-02-18T10:52:35.5647076+03:00","thread_name":"main","message":"Test findAllOrdersNative - should return empty page when no orders exist"}
{"@timestamp":"2026-02-18T10:52:35.5997234+03:00","thread_name":"main","message":"Test findAllItemsByIdIn - should return empty list for non-existent IDs"}
{"@timestamp":"2026-02-18T10:52:50.492435+03:00","thread_name":"main","message":"PostgreSQL URL: jdbc:postgresql://localhost:54435/testdb?loggerLevel=OFF"}
{"@timestamp":"2026-02-18T10:52:50.5194188+03:00","thread_name":"main","message":"Starting OrderItemRepositoryTest using Java 21.0.6 with PID 25964 (started by pugac in D:\\Julia\\INNOWICE\\rootproject\\orderservice)"}
{"@timestamp":"2026-02-18T10:52:50.5204146+03:00","thread_name":"main","message":"The following 1 profile is active: \"test\""}
{"@timestamp":"2026-02-18T10:52:54.3054784+03:00","thread_name":"main","message":"Started OrderItemRepositoryTest in 4.536 seconds (process running for 11.197)"}
{"@timestamp":"2026-02-18T10:52:55.0493179+03:00","thread_name":"main","message":"Test findAllOrdersNative - should return empty page when no orders exist"}
{"@timestamp":"2026-02-18T10:52:55.216979+03:00","thread_name":"main","message":"Test findAllOrderItemsNative - should return paged results"}
{"@timestamp":"2026-02-18T10:52:55.2478912+03:00","thread_name":"main","message":"Test findAllOrderItemsByIdIn - should return empty list for non-existent IDs"}
{"@timestamp":"2026-02-18T10:52:55.2877739+03:00","thread_name":"main","message":"Test findAllOrderItemsByIdIn - should return OrderItems with specified IDs"}
{"@timestamp":"2026-02-18T10:53:09.3308667+03:00","thread_name":"main","message":"PostgreSQL URL: jdbc:postgresql://localhost:60584/testdb?loggerLevel=OFF"}
{"@timestamp":"2026-02-18T10:53:09.3581996+03:00","thread_name":"main","message":"Starting OrderRepositoryTest using Java 21.0.6 with PID 32216 (started by pugac in D:\\Julia\\INNOWICE\\rootproject\\orderservice)"}
{"@timestamp":"2026-02-18T10:53:09.3587879+03:00","thread_name":"main","message":"The following 1 profile is active: \"test\""}
{"@timestamp":"2026-02-18T10:53:12.9819193+03:00","thread_name":"main","message":"Started OrderRepositoryTest in 4.379 seconds (process running for 10.868)"}
{"@timestamp":"2026-02-18T10:53:13.6365728+03:00","thread_name":"main","message":"Test findByStatusIn - should return orders with specified statuses"}
{"@timestamp":"2026-02-18T10:53:14.0044568+03:00","thread_name":"main","message":"Test findAllOrdersByIdIn - should return empty list for non-existent IDs"}
{"@timestamp":"2026-02-18T10:53:14.0392764+03:00","thread_name":"main","message":"Test findOrdersByUserId - should return orders for specified user"}
{"@timestamp":"2026-02-18T10:53:14.0735445+03:00","thread_name":"main","message":"Test findAllOrdersNative - should return paged results"}
{"@timestamp":"2026-02-18T10:53:14.1496741+03:00","thread_name":"main","message":"Test findAllOrdersNative - should return empty page when no orders exist"}
{"@timestamp":"2026-02-18T10:53:14.1848628+03:00","thread_name":"main","message":"Test findByStatusIn - should return empty list for non-matching statuses"}
{"@timestamp":"2026-02-18T10:53:14.2096984+03:00","thread_name":"main","message":"Test findOrdersByUserId - should return empty list for non-existent user"}
{"@timestamp":"2026-02-18T10:53:14.2374988+03:00","thread_name":"main","message":"Test findAllOrdersByIdIn - should return orders with specified IDs"}
{"@timestamp":"2026-02-18T10:53:26.660547+03:00","thread_name":"main","message":"Starting OrderServiceImplWireMockTest using Java 21.0.6 with PID 30148 (started by pugac in D:\\Julia\\INNOWICE\\rootproject\\orderservice)"}
{"@timestamp":"2026-02-18T10:53:26.6726975+03:00","thread_name":"main","message":"The following 1 profile is active: \"test\""}
{"@timestamp":"2026-02-18T10:55:32.6131941+03:00","thread_name":"main","message":"Starting OrderServiceImplWireMockTest using Java 21.0.6 with PID 29628 (started by pugac in D:\\Julia\\INNOWICE\\rootproject\\orderservice)"}
{"@timestamp":"2026-02-18T10:55:32.6247962+03:00","thread_name":"main","message":"The following 1 profile is active: \"test\""}
{"@timestamp":"2026-02-18T10:56:02.2964396+03:00","thread_name":"main","message":"Started OrderServiceImplWireMockTest in 30.401 seconds (process running for 32.911)"}
{"@timestamp":"2026-02-18T10:56:02.935672+03:00","thread_name":"main","message":"getOrdersByUserEmail: test@test.by"}
{"@timestamp":"2026-02-18T10:56:02.9509032+03:00","thread_name":"main","message":"deleteOrder(): Optional[Order(id=00000000-0000-0000-0000-000000000001, userId=1, status=CREATED, creationDate=2026-02-18T10:56:02)]"}
{"@timestamp":"2026-02-18T10:56:02.9784694+03:00","thread_name":"main","message":"updateOrder(): Order(id=00000000-0000-0000-0000-000000000001, userId=1, status=PROCESSING, creationDate=2026-02-18T10:56:02)"}
{"@timestamp":"2026-02-18T10:56:02.9844548+03:00","thread_name":"main","message":"Order with id 00000000-0000-0000-0000-000000000001 was updated with status PROCESSING"}
{"@timestamp":"2026-02-18T10:56:02.9946299+03:00","thread_name":"main","message":"getOrdersById(): 00000000-0000-0000-0000-000000000001"}
{"@timestamp":"2026-02-18T10:56:03.0087391+03:00","thread_name":"main","message":"createOrder(): Order(id=00000000-0000-0000-0000-000000000001, userId=1, status=CREATED, creationDate=2026-02-18T10:56:03)"}
{"@timestamp":"2026-02-18T10:56:03.0087391+03:00","thread_name":"main","message":"BEFORE calling userClient.getUserById(1)"}
{"@timestamp":"2026-02-18T10:56:03.0128076+03:00","thread_name":"main","message":"AFTER calling userClient.getUserById(1)"}
{"@timestamp":"2026-02-18T10:57:10.4249932+03:00","thread_name":"main","message":"Starting ItemControllerTest using Java 21.0.6 with PID 32516 (started by pugac in D:\\Julia\\INNOWICE\\rootproject\\orderservice)"}
{"@timestamp":"2026-02-18T10:57:10.43916+03:00","thread_name":"main","message":"The following 1 profile is active: \"test\""}
{"@timestamp":"2026-02-18T10:57:13.6681601+03:00","thread_name":"main","message":"Started ItemControllerTest in 4.014 seconds (process running for 5.705)"}
{"@timestamp":"2026-02-18T10:57:13.7467547+03:00","thread_name":"main","message":"▶ Running test: deleteItem_ShouldReturnNotFound, ITEM_ID=1"}
{"@timestamp":"2026-02-18T10:57:14.0599133+03:00","thread_name":"main","message":"Request to delete the Item by id: 1"}
{"@timestamp":"2026-02-18T10:57:14.1372289+03:00","thread_name":"main","message":"▶ Running test: getItemsIdIn_ShouldReturnItemsForGivenIds, ids=[1]"}
{"@timestamp":"2026-02-18T10:57:14.1538593+03:00","thread_name":"main","message":"Request to find Items by IDs: [1]"}
{"@timestamp":"2026-02-18T10:57:14.2805521+03:00","thread_name":"main","message":"▶ Running test: updateItem_ShouldReturnNotFound, UPDATED_ITEM=ItemDto(id=1, name=UpdatedName, price=101)"}
{"@timestamp":"2026-02-18T10:57:14.3705101+03:00","thread_name":"main","message":"Request to update the Item: ItemDto(id=1, name=UpdatedName, price=101)"}
{"@timestamp":"2026-02-18T10:57:14.3899257+03:00","thread_name":"main","message":"▶ Running test: getItemsIdIn_ShouldReturnEmptyListWhenNoMatches, ids=[999]"}
{"@timestamp":"2026-02-18T10:57:14.3919466+03:00","thread_name":"main","message":"Request to find Items by IDs: [999]"}
{"@timestamp":"2026-02-18T10:57:14.4086272+03:00","thread_name":"main","message":"▶ Running test: getAllItems_ShouldReturnAllItems"}
{"@timestamp":"2026-02-18T10:57:14.4108316+03:00","thread_name":"main","message":"Request to find all Items"}
{"@timestamp":"2026-02-18T10:57:14.4209553+03:00","thread_name":"main","message":"▶ Running test: getItemById_ShouldReturnNotFound(), _ITEM_ID=1"}
{"@timestamp":"2026-02-18T10:57:14.4229722+03:00","thread_name":"main","message":"Request to find the Item by id: 1"}
{"@timestamp":"2026-02-18T10:57:14.4314809+03:00","thread_name":"main","message":"▶ Running test: createItem_ShouldReturnCreatedItemDto, Item=ItemDto(id=1, name=TestItem, price=100)"}
{"@timestamp":"2026-02-18T10:57:14.4381215+03:00","thread_name":"main","message":"Request to create a new Item: ItemDto(id=1, name=TestItem, price=100)"}
{"@timestamp":"2026-02-18T10:57:14.4482649+03:00","thread_name":"main","message":"▶ Running test: getItemById_ShouldReturnItemDto(), ITEM_ID=1"}
{"@timestamp":"2026-02-18T10:57:14.450282+03:00","thread_name":"main","message":"Request to find the Item by id: 1"}
{"@timestamp":"2026-02-18T10:57:14.4598125+03:00","thread_name":"main","message":"▶ Running test: updateItem_ShouldReturnUpdatedItemDto, UPDATED_ITEM=ItemDto(id=1, name=UpdatedName, price=101)"}
{"@timestamp":"2026-02-18T10:57:14.4634241+03:00","thread_name":"main","message":"Request to update the Item: ItemDto(id=1, name=UpdatedName, price=101)"}
{"@timestamp":"2026-02-18T10:57:14.4739561+03:00","thread_name":"main","message":"▶ Running test: deleteItem_ShouldReturnDeletedItemDto, _ITEM_ID=1"}
{"@timestamp":"2026-02-18T10:57:14.4749555+03:00","thread_name":"main","message":"Request to delete the Item by id: 1"}
{"@timestamp":"2026-02-18T10:57:14.4851079+03:00","thread_name":"main","message":"▶ Running test: getAllItemsWithPagination_ShouldReturnPaginatedItems, page=0, size=10"}
{"@timestamp":"2026-02-18T10:57:14.4911393+03:00","thread_name":"main","message":"Request to find all Items with pagination"}
{"@timestamp":"2026-02-18T10:57:14.645563+03:00","thread_name":"main","message":"Starting OrderControllerTest using Java 21.0.6 with PID 32516 (started by pugac in D:\\Julia\\INNOWICE\\rootproject\\orderservice)"}
{"@timestamp":"2026-02-18T10:57:14.6465613+03:00","thread_name":"main","message":"The following 1 profile is active: \"test\""}
{"@timestamp":"2026-02-18T10:57:15.195208+03:00","thread_name":"main","message":"Started OrderControllerTest in 0.627 seconds (process running for 7.232)"}
{"@timestamp":"2026-02-18T10:57:15.2116864+03:00","thread_name":"main","message":"▶ Running test: updateOrder_ShouldReturnUpdatedOrderWithUserResponse, UPDATED_ORDER=OrderDto(id=0c380c5e-e24d-4cdf-8a97-664cc4b7b7bc, userId=10, status=CANCELLED, creationDate=2026-02-18T10:57:15, orderItems=[OrderItemDto(id=100, orderId=0c380c5e-e24d-4cdf-8a97-664cc4b7b7bc, itemId=2, quantity=3)])"}
{"@timestamp":"2026-02-18T10:57:15.2452299+03:00","thread_name":"main","message":"Request to update the Order: OrderDto(id=0c380c5e-e24d-4cdf-8a97-664cc4b7b7bc, userId=10, status=null, creationDate=null, orderItems=[OrderItemDto(id=100, orderId=0c380c5e-e24d-4cdf-8a97-664cc4b7b7bc, itemId=2, quantity=3)])"}
{"@timestamp":"2026-02-18T10:57:15.2635414+03:00","thread_name":"main","message":"▶ Running test: getOrderById_ShouldReturnOrderWithUserResponse, ORDER_ID=0c380c5e-e24d-4cdf-8a97-664cc4b7b7bc"}
{"@timestamp":"2026-02-18T10:57:15.2665407+03:00","thread_name":"main","message":"Request to find the Order by id: 0c380c5e-e24d-4cdf-8a97-664cc4b7b7bc"}
{"@timestamp":"2026-02-18T10:57:15.2752128+03:00","thread_name":"main","message":"▶ Running test: getAllOrders_ShouldReturnAllOrders"}
{"@timestamp":"2026-02-18T10:57:15.2772112+03:00","thread_name":"main","message":"Request to find all Orders"}
{"@timestamp":"2026-02-18T10:57:15.2867504+03:00","thread_name":"main","message":"▶ Running test: updateOrder_ShouldReturnNotFound, UPDATED_ORDER=OrderDto(id=0c380c5e-e24d-4cdf-8a97-664cc4b7b7bc, userId=10, status=CANCELLED, creationDate=2026-02-18T10:57:15, orderItems=[OrderItemDto(id=100, orderId=0c380c5e-e24d-4cdf-8a97-664cc4b7b7bc, itemId=2, quantity=3)])"}
{"@timestamp":"2026-02-18T10:57:15.2902597+03:00","thread_name":"main","message":"Request to update the Order: OrderDto(id=0c380c5e-e24d-4cdf-8a97-664cc4b7b7bc, userId=10, status=null, creationDate=null, orderItems=[OrderItemDto(id=100, orderId=0c380c5e-e24d-4cdf-8a97-664cc4b7b7bc, itemId=2, quantity=3)])"}
{"@timestamp":"2026-02-18T10:57:15.3013564+03:00","thread_name":"main","message":"▶ Running test: getAllOrdersWithPagination_ShouldReturnPaginatedOrders, page=0, size=10"}
{"@timestamp":"2026-02-18T10:57:15.3043674+03:00","thread_name":"main","message":"Request to find all Orders with pagination"}
{"@timestamp":"2026-02-18T10:57:15.3158913+03:00","thread_name":"main","message":"▶ Running test: getByStatusIn_ShouldReturnOrdersWithGivenStatuses, statuses=[CREATED]"}
{"@timestamp":"2026-02-18T10:57:15.3198851+03:00","thread_name":"main","message":"Request to find Orders by statuses: [CREATED]"}
{"@timestamp":"2026-02-18T10:57:15.3279326+03:00","thread_name":"main","message":"▶ Running test: getOrdersByUserEmail_ShouldReturnEmptyList, email=nonexistent@example.com"}
{"@timestamp":"2026-02-18T10:57:15.3370717+03:00","thread_name":"main","message":"Request to find all Orders of the User with email: nonexistent@example.com"}
{"@timestamp":"2026-02-18T10:57:15.3455921+03:00","thread_name":"main","message":"▶ Running test: deleteOrder_ShouldReturnDeletedOrderDto, ORDER_ID=0c380c5e-e24d-4cdf-8a97-664cc4b7b7bc"}
{"@timestamp":"2026-02-18T10:57:15.3482474+03:00","thread_name":"main","message":"Request to delete the Order by id: 0c380c5e-e24d-4cdf-8a97-664cc4b7b7bc"}
{"@timestamp":"2026-02-18T10:57:15.3587847+03:00","thread_name":"main","message":"▶ Running test: createOrder_ShouldReturnCreatedOrderWithUserResponse, ORDER=OrderDto(id=0c380c5e-e24d-4cdf-8a97-664cc4b7b7bc, userId=1, status=CREATED, creationDate=2026-02-18T10:57:15, orderItems=[OrderItemDto(id=1, orderId=0c380c5e-e24d-4cdf-8a97-664cc4b7b7bc, itemId=2, quantity=5)])"}
{"@timestamp":"2026-02-18T10:57:15.3617845+03:00","thread_name":"main","message":"Request to create a new Order: OrderDto(id=0c380c5e-e24d-4cdf-8a97-664cc4b7b7bc, userId=1, status=null, creationDate=null, orderItems=[OrderItemDto(id=1, orderId=0c380c5e-e24d-4cdf-8a97-664cc4b7b7bc, itemId=2, quantity=5)])"}
{"@timestamp":"2026-02-18T10:57:15.3719954+03:00","thread_name":"main","message":"▶ Running test: getOrdersByUserEmail_ShouldReturnListOfOrders, email=test@example.com"}
{"@timestamp":"2026-02-18T10:57:15.3735121+03:00","thread_name":"main","message":"Request to find all Orders of the User with email: test@example.com"}
{"@timestamp":"2026-02-18T10:57:15.3811699+03:00","thread_name":"main","message":"▶ Running test: deleteOrder_ShouldReturnNotFound, ORDER_ID=0c380c5e-e24d-4cdf-8a97-664cc4b7b7bc"}
{"@timestamp":"2026-02-18T10:57:15.3821791+03:00","thread_name":"main","message":"Request to delete the Order by id: 0c380c5e-e24d-4cdf-8a97-664cc4b7b7bc"}
{"@timestamp":"2026-02-18T10:57:15.3897065+03:00","thread_name":"main","message":"▶ Running test: getOrderById_ShouldReturnNotFound, ORDER_ID=0c380c5e-e24d-4cdf-8a97-664cc4b7b7bc"}
{"@timestamp":"2026-02-18T10:57:15.3918302+03:00","thread_name":"main","message":"Request to find the Order by id: 0c380c5e-e24d-4cdf-8a97-664cc4b7b7bc"}
{"@timestamp":"2026-02-18T10:57:15.3993462+03:00","thread_name":"main","message":"▶ Running test: getOrdersIdIn_ShouldReturnEmptyListWhenNoMatches, ids=[0c380c5e-e24d-4cdf-8a97-664cc4b7b7bc]"}
{"@timestamp":"2026-02-18T10:57:15.4013463+03:00","thread_name":"main","message":"Request to find Orders by IDs: [0c380c5e-e24d-4cdf-8a97-664cc4b7b7bc]"}
{"@timestamp":"2026-02-18T10:57:15.4215844+03:00","thread_name":"main","message":"▶ Running test: getOrdersIdIn_ShouldReturnOrdersForGivenIds, ids=[0c380c5e-e24d-4cdf-8a97-664cc4b7b7bc]"}
{"@timestamp":"2026-02-18T10:57:15.4238317+03:00","thread_name":"main","message":"Request to find Orders by IDs: [0c380c5e-e24d-4cdf-8a97-664cc4b7b7bc]"}
{"@timestamp":"2026-02-18T10:57:15.5356587+03:00","thread_name":"main","message":"Starting OrderItemControllerTest using Java 21.0.6 with PID 32516 (started by pugac in D:\\Julia\\INNOWICE\\rootproject\\orderservice)"}
{"@timestamp":"2026-02-18T10:57:15.5366595+03:00","thread_name":"main","message":"The following 1 profile is active: \"test\""}
{"@timestamp":"2026-02-18T10:57:16.0209653+03:00","thread_name":"main","message":"Started OrderItemControllerTest in 0.543 seconds (process running for 8.058)"}
{"@timestamp":"2026-02-18T10:57:16.037546+03:00","thread_name":"main","message":"▶ Running test: getAllOrderItemsWithPagination_ShouldReturnPaginatedOrderItems, page=0, size=10"}
{"@timestamp":"2026-02-18T10:57:16.04355+03:00","thread_name":"main","message":"Request to find all OrderItems with pagination"}
{"@timestamp":"2026-02-18T10:57:16.0566701+03:00","thread_name":"main","message":"▶ Running test: getOrderItemsIdIn_ShouldReturnEmptyListWhenNoMatches, ids=[999]"}
{"@timestamp":"2026-02-18T10:57:16.0597365+03:00","thread_name":"main","message":"Request to find OrderItems by IDs: [999]"}
{"@timestamp":"2026-02-18T10:57:16.0679214+03:00","thread_name":"main","message":"▶ Running test: getOrderItemById_ShouldReturnOrderItemDto(), ORDER_ITEM_ID=1"}
{"@timestamp":"2026-02-18T10:57:16.0698943+03:00","thread_name":"main","message":"Request to find the OrderItem by id: 1"}
{"@timestamp":"2026-02-18T10:57:16.0790117+03:00","thread_name":"main","message":"▶ Running test: updateOrderItem_ShouldReturnUpdatedOrderItemDto, UPDATED_ORDER_ITEM=OrderItemDto(id=1, orderId=d255fb13-781e-4d94-b82c-d26f55a86484, itemId=1, quantity=11)"}
{"@timestamp":"2026-02-18T10:57:16.0880115+03:00","thread_name":"main","message":"Request to update the OrderItem: OrderItemDto(id=1, orderId=d255fb13-781e-4d94-b82c-d26f55a86484, itemId=1, quantity=11)"}
{"@timestamp":"2026-02-18T10:57:16.0974475+03:00","thread_name":"main","message":"▶ Running test: deleteOrderItem_ShouldReturnDeletedOrderItemDto, ORDER_ITEM_ID=1"}
{"@timestamp":"2026-02-18T10:57:16.0999705+03:00","thread_name":"main","message":"Request to delete the OrderItem by id: 1"}
{"@timestamp":"2026-02-18T10:57:16.1089801+03:00","thread_name":"main","message":"▶ Running test: updateOrderItem_ShouldReturnNotFound, UPDATED_ORDER_ITEM=OrderItemDto(id=1, orderId=d255fb13-781e-4d94-b82c-d26f55a86484, itemId=1, quantity=11)"}
{"@timestamp":"2026-02-18T10:57:16.1126378+03:00","thread_name":"main","message":"Request to update the OrderItem: OrderItemDto(id=1, orderId=d255fb13-781e-4d94-b82c-d26f55a86484, itemId=1, quantity=11)"}
{"@timestamp":"2026-02-18T10:57:16.1237824+03:00","thread_name":"main","message":"▶ Running test: getOrderItemsIdIn_ShouldReturnOrderItemsForGivenIds, ids=[1]"}
{"@timestamp":"2026-02-18T10:57:16.1267995+03:00","thread_name":"main","message":"Request to find OrderItems by IDs: [1]"}
{"@timestamp":"2026-02-18T10:57:16.1343225+03:00","thread_name":"main","message":"▶ Running test: getOrderItemById_ShouldReturnNotFound(), ORDER_ITEM_ID=1"}
{"@timestamp":"2026-02-18T10:57:16.1363208+03:00","thread_name":"main","message":"Request to find the OrderItem by id: 1"}
{"@timestamp":"2026-02-18T10:57:16.1430622+03:00","thread_name":"main","message":"▶ Running test: getAllOrderItems_ShouldReturnAllOrderItems"}
{"@timestamp":"2026-02-18T10:57:16.1450618+03:00","thread_name":"main","message":"Request to find all OrderItems"}
{"@timestamp":"2026-02-18T10:57:16.1516002+03:00","thread_name":"main","message":"▶ Running test: createOrderItem_ShouldReturnCreatedOrderItemDto, OrderItem=OrderItemDto(id=1, orderId=d255fb13-781e-4d94-b82c-d26f55a86484, itemId=1, quantity=10)"}
{"@timestamp":"2026-02-18T10:57:16.155288+03:00","thread_name":"main","message":"Request to create a new OrderItem: OrderItemDto(id=1, orderId=d255fb13-781e-4d94-b82c-d26f55a86484, itemId=1, quantity=10)"}
{"@timestamp":"2026-02-18T10:57:16.1627901+03:00","thread_name":"main","message":"▶ Running test: deleteOrderItem_ShouldReturnNotFound, ORDER_ITEM_ID=1"}
{"@timestamp":"2026-02-18T10:57:16.1637909+03:00","thread_name":"main","message":"Request to delete the OrderItem by id: 1"}
{"@timestamp":"2026-02-18T10:57:20.9709381+03:00","thread_name":"main","message":"PostgreSQL URL: jdbc:postgresql://localhost:50212/testdb?loggerLevel=OFF"}
{"@timestamp":"2026-02-18T10:57:20.9764625+03:00","thread_name":"main","message":"Starting OrderserviceApplicationTests using Java 21.0.6 with PID 32516 (started by pugac in D:\\Julia\\INNOWICE\\rootproject\\orderservice)"}
{"@timestamp":"2026-02-18T10:57:20.9774584+03:00","thread_name":"main","message":"The following 1 profile is active: \"test\""}
{"@timestamp":"2026-02-18T10:57:27.9923301+03:00","thread_name":"main","message":"Started OrderserviceApplicationTests in 7.064 seconds (process running for 20.029)"}
{"@timestamp":"2026-02-18T10:57:28.1212414+03:00","thread_name":"main","message":"PostgreSQL URL: jdbc:postgresql://localhost:50212/testdb?loggerLevel=OFF"}
{"@timestamp":"2026-02-18T10:57:28.1232512+03:00","thread_name":"main","message":"Starting ItemRepositoryTest using Java 21.0.6 with PID 32516 (started by pugac in D:\\Julia\\INNOWICE\\rootproject\\orderservice)"}
{"@timestamp":"2026-02-18T10:57:28.1232512+03:00","thread_name":"main","message":"The following 1 profile is active: \"test\""}
{"@timestamp":"2026-02-18T10:57:28.651341+03:00","thread_name":"main","message":"Started ItemRepositoryTest in 0.575 seconds (process running for 20.688)"}
{"@timestamp":"2026-02-18T10:57:28.8076939+03:00","thread_name":"main","message":"Test findAllItemsNative - should return paged results"}
{"@timestamp":"2026-02-18T10:57:28.9464411+03:00","thread_name":"main","message":"Test findAllItemsByIdIn - should return Items with specified IDs"}
{"@timestamp":"2026-02-18T10:57:28.9848606+03:00","thread_name":"main","message":"Test findAllOrdersNative - should return empty page when no orders exist"}
{"@timestamp":"2026-02-18T10:57:29.0149849+03:00","thread_name":"main","message":"Test findAllItemsByIdIn - should return empty list for non-existent IDs"}
{"@timestamp":"2026-02-18T10:57:29.0520892+03:00","thread_name":"main","message":"Test findAllOrdersNative - should return empty page when no orders exist"}
{"@timestamp":"2026-02-18T10:57:29.0787769+03:00","thread_name":"main","message":"Test findAllOrderItemsNative - should return paged results"}
{"@timestamp":"2026-02-18T10:57:29.0975872+03:00","thread_name":"main","message":"Test findAllOrderItemsByIdIn - should return empty list for non-existent IDs"}
{"@timestamp":"2026-02-18T10:57:29.1169584+03:00","thread_name":"main","message":"Test findAllOrderItemsByIdIn - should return OrderItems with specified IDs"}
{"@timestamp":"2026-02-18T10:57:29.1555197+03:00","thread_name":"main","message":"Test findByStatusIn - should return orders with specified statuses"}
{"@timestamp":"2026-02-18T10:57:29.1802555+03:00","thread_name":"main","message":"Test findAllOrdersByIdIn - should return empty list for non-existent IDs"}
{"@timestamp":"2026-02-18T10:57:29.1998691+03:00","thread_name":"main","message":"Test findOrdersByUserId - should return orders for specified user"}
{"@timestamp":"2026-02-18T10:57:29.2262554+03:00","thread_name":"main","message":"Test findAllOrdersNative - should return paged results"}
{"@timestamp":"2026-02-18T10:57:29.2473107+03:00","thread_name":"main","message":"Test findAllOrdersNative - should return empty page when no orders exist"}
{"@timestamp":"2026-02-18T10:57:29.2794839+03:00","thread_name":"main","message":"Test findByStatusIn - should return empty list for non-matching statuses"}
{"@timestamp":"2026-02-18T10:57:29.3094428+03:00","thread_name":"main","message":"Test findOrdersByUserId - should return empty list for non-existent user"}
{"@timestamp":"2026-02-18T10:57:29.338068+03:00","thread_name":"main","message":"Test findAllOrdersByIdIn - should return orders with specified IDs"}
{"@timestamp":"2026-02-18T10:57:29.6949672+03:00","thread_name":"main","message":"findAllItemsNativeWithPagination()"}
{"@timestamp":"2026-02-18T10:57:29.7037255+03:00","thread_name":"main","message":"getAllItems()"}
{"@timestamp":"2026-02-18T10:57:29.709791+03:00","thread_name":"main","message":"createItem(): Item(id=1, name=TestItem, price=100)"}
{"@timestamp":"2026-02-18T10:57:29.7137908+03:00","thread_name":"main","message":"updateItem(): Item(id=1, name=updated_item, price=101)"}
{"@timestamp":"2026-02-18T10:57:29.7181419+03:00","thread_name":"main","message":"deleteItem(): 1"}
{"@timestamp":"2026-02-18T10:57:29.7201406+03:00","thread_name":"main","message":"getItemsIdIn()"}
{"@timestamp":"2026-02-18T10:57:29.7268181+03:00","thread_name":"main","message":"getItemsById(): 1"}
{"@timestamp":"2026-02-18T10:57:29.8985906+03:00","thread_name":"main","message":"findAllOrderItemsNativeWithPagination()"}
{"@timestamp":"2026-02-18T10:57:29.9092674+03:00","thread_name":"main","message":"getOrderItemsById(): 1"}
{"@timestamp":"2026-02-18T10:57:29.912261+03:00","thread_name":"main","message":"deleteOrderItem(): 1"}
{"@timestamp":"2026-02-18T10:57:29.9153603+03:00","thread_name":"main","message":"createOrderItem(): com.mymicroservice.orderservice.model.OrderItem@5f033742"}
{"@timestamp":"2026-02-18T10:57:29.9210751+03:00","thread_name":"main","message":"getOrderItemsIdIn()"}
{"@timestamp":"2026-02-18T10:57:29.9276171+03:00","thread_name":"main","message":"updateOrderItem(): com.mymicroservice.orderservice.model.OrderItem@bb8a702"}
{"@timestamp":"2026-02-18T10:57:29.9306209+03:00","thread_name":"main","message":"getAllOrderItems()"}
{"@timestamp":"2026-02-18T10:57:30.1455279+03:00","thread_name":"main","message":"deleteOrder(): Optional[Order(id=8811d44b-d3d3-4185-84a2-be58401cde78, userId=1, status=CREATED, creationDate=2026-02-18T10:57:30)]"}
{"@timestamp":"2026-02-18T10:57:30.1763572+03:00","thread_name":"main","message":"updateOrder(): Order(id=8811d44b-d3d3-4185-84a2-be58401cde78, userId=1, status=CANCELLED, creationDate=2023-03-03T00:00)"}
{"@timestamp":"2026-02-18T10:57:30.1808861+03:00","thread_name":"main","message":"Order with id 8811d44b-d3d3-4185-84a2-be58401cde78 was updated with status PROCESSING"}
{"@timestamp":"2026-02-18T10:57:30.1895585+03:00","thread_name":"main","message":"getOrdersById(): 8811d44b-d3d3-4185-84a2-be58401cde78"}
{"@timestamp":"2026-02-18T10:57:30.1951104+03:00","thread_name":"main","message":"getOrdersIdIn()"}
{"@timestamp":"2026-02-18T10:57:30.202305+03:00","thread_name":"main","message":"getOrdersByUserEmail: test@example.com"}
{"@timestamp":"2026-02-18T10:57:30.2145739+03:00","thread_name":"main","message":"Order with id 8811d44b-d3d3-4185-84a2-be58401cde78 was updated with status PROCESSING"}
{"@timestamp":"2026-02-18T10:57:30.219583+03:00","thread_name":"main","message":"findAllOrdersNativeWithPagination()"}
{"@timestamp":"2026-02-18T10:57:30.236389+03:00","thread_name":"main","message":"findByStatusIn()"}
{"@timestamp":"2026-02-18T10:57:30.2452523+03:00","thread_name":"main","message":"createOrder(): Order(id=8811d44b-d3d3-4185-84a2-be58401cde78, userId=1, status=CREATED, creationDate=2026-02-18T10:57:30)"}
{"@timestamp":"2026-02-18T10:57:30.2472676+03:00","thread_name":"main","message":"BEFORE calling userClient.getUserById(1)"}
{"@timestamp":"2026-02-18T10:57:30.2472676+03:00","thread_name":"main","message":"AFTER calling userClient.getUserById(1)"}
{"@timestamp":"2026-02-18T10:57:30.2492673+03:00","thread_name":"main","message":"Order with id 8811d44b-d3d3-4185-84a2-be58401cde78 was updated with status PROCESSING"}
{"@timestamp":"2026-02-18T10:57:30.2567958+03:00","thread_name":"main","message":"getAllOrders()"}
{"@timestamp":"2026-02-18T10:57:31.4640694+03:00","thread_name":"main","message":"Starting OrderServiceImplWireMockTest using Java 21.0.6 with PID 32516 (started by pugac in D:\\Julia\\INNOWICE\\rootproject\\orderservice)"}
{"@timestamp":"2026-02-18T10:57:31.4650783+03:00","thread_name":"main","message":"The following 1 profile is active: \"test\""}
{"@timestamp":"2026-02-18T10:57:37.8346359+03:00","thread_name":"main","message":"Started OrderServiceImplWireMockTest in 6.451 seconds (process running for 29.871)"}
{"@timestamp":"2026-02-18T10:57:38.3693232+03:00","thread_name":"main","message":"getOrdersByUserEmail: test@test.by"}
{"@timestamp":"2026-02-18T10:57:38.3896784+03:00","thread_name":"main","message":"deleteOrder(): Optional[Order(id=00000000-0000-0000-0000-000000000001, userId=1, status=CREATED, creationDate=2026-02-18T10:57:38)]"}
{"@timestamp":"2026-02-18T10:57:38.4084907+03:00","thread_name":"main","message":"updateOrder(): Order(id=00000000-0000-0000-0000-000000000001, userId=1, status=PROCESSING, creationDate=2026-02-18T10:57:38)"}
{"@timestamp":"2026-02-18T10:57:38.4172512+03:00","thread_name":"main","message":"Order with id 00000000-0000-0000-0000-000000000001 was updated with status PROCESSING"}
{"@timestamp":"2026-02-18T10:57:38.4335179+03:00","thread_name":"main","message":"getOrdersById(): 00000000-0000-0000-0000-000000000001"}
{"@timestamp":"2026-02-18T10:57:38.4560284+03:00","thread_name":"main","message":"createOrder(): Order(id=00000000-0000-0000-0000-000000000001, userId=1, status=CREATED, creationDate=2026-02-18T10:57:38)"}
{"@timestamp":"2026-02-18T10:57:38.4570588+03:00","thread_name":"main","message":"BEFORE calling userClient.getUserById(1)"}
{"@timestamp":"2026-02-18T10:57:38.4643522+03:00","thread_name":"main","message":"AFTER calling userClient.getUserById(1)"}
